stmts:

bool b1;
bool b2;
bool b3;
bool b4;
b1 = True;
b2 = False;
b3 = b1 && b2;
b4 = b1 || b2;

fdecls:



