static int a=0;

public static int main(int argc, String argv)
{
try{}catch(Exception e){return -1;}}

