stmts:

int a;
int b;
int c;
b = 2;
a = 10;
if (a > b) {
  c = 1;
}
else c = 0;
if (a > b) c = 1;
else c = 0;
if (a > b) {
  c = 1;
}
else {
  }
if (a > b) c = 1;
else {
  }
if (a > b) c = 1;
else {
  c = 0;
}
if (a >= b) c = 1;
else {
  }
if (a < b) c = 1;
else {
  }
if (a <= b) c = 1;
else {
  }
if (a == b) c = 1;
else {
  }
if (a != b) c = 1;
else {
  }
bool b1;
bool b2;
if (b1) c = 1;
else {
  }
if (b1 && b2) c = 1;
else {
  }
if (b1 || b2) c = 1;
else {
  }

fdecls:



