stmts:

int a;
int b;
int c;
bool b1;
bool b2;
bool b3;
a = 2;
b = 1;
c = ( a + b ) * 3;
c = ( a + b + 3 ) * 2;
c = 2 * ( a + b );
c = a + ( 1 + a );
c = ( 1 + a ) * ( 1 + b );
c = ( a + b );
b1 = True;
b2 = False;
b3 = b1 && ( b1 || b2 );
b3 = ( b1 && b1 && b1 );

fdecls:



