stmts:

float f1;
float f2;
float f3;
f1 = 1;
f1 = 0.2;
f1 = 10000000000.;
f1 = 2e+15;
f1 = 2e-09;
f1 = 2e+12;
f1 = 2.;
f1 = 2e+12;
f2 = f1 + 1;
f2 = f1 + 1.5;
f2 = 1.5 + f1;
f2 = f1 + 1.9e-09;
f2 = 1.5 + 190000000000.;
f2 = 9 - f1;
f2 = 10 - 9.3;
f2 = 90000000000. - 800.;
f3 = f1 * f2;
f3 = f1 * 2;
f3 = f1 * 1e+13;
f3 = 1e+13 * f1;
f1 = 3e-19 * 1.5;
f1 = f2 / 2;
f1 = f2 / 1.5;
f1 = 1.5 / f2;
f1 = f2 / 90000000000.;
f1 = 90000000000. / 500.;
f1 = 90000000000. / 1.6;

fdecls:



