stmts:

int i;
i = 2;
bool b;
b = True;

fdecls:

int main(int argc, string argv)
{
Structure s = {a = 1, b = 2, c = 3};
matrix m(1, 1);
m3 = ( m +. m2 ) * 4;
Option o = {a = 1};
o->a;
argc = s->a;
if (i == 2 || i) {
  return argc;
}
else {
  return i + 1;
}
while (i >= 2 || ( i < 100 && i != 3 )) argv = "argv";
for (i = 0 ; i < 5 ; i = i + 1) {
  i = i * ( 5 + i );
}
}

void main2(int argc2, matrix m)
{
main(a, "str");
}


