stmts:

string str;
str = "str";
Structure s = { a=str, b="b"};
s->a = s->b;

fdecls: