
public static int main(int argc, String argv)
{
try{int a=0;
boolean b1=false;
b1 = True;
for (a = 0 ; a < 10 ; a = a + 1) {
  int b=0;
  b = 1;
}
for (a = 0 ; a < 10 ; a = a + 1) int b=0;
for (a = 0 ; b1 ; a = a + 1) {
  int b=0;
  b = 1;
}
}catch(Exception e){return -1;}}

