
public static int main(int argc, String argv)
{
try{int a=0;
a = 3;
int b=0;
b = a + 5;
b = 5 + a;
int c=0;
a = b - 1;
a = 1 - b;
c = a - b;
c = b;
c = b * 3;
c = a * b;
b = a / 2;
c = a / b;
c = 1 / a;
}catch(Exception e){return -1;}}

