stmts:

matrix m1(1, 2);
matrix m2(1, 2);
matrix m3(1, 2);
m1[1 , 1]  = 2;
int a;
a = m1[1 , 1] ;
m2[1 , 1]  = m1[1 , 1] ;
m3 = m1 +. m2;
m2 = m2 -. m3;
m1 = m2 *. m3;
m3 = m1 /. m2;

fdecls:



