
public static int main(int argc, String argv)
{
try{int a=0;
double b=0.0;
String c=null;
Matrix m= new Matrix(1, 2);
Option  o = new Option();
;
Structure s = new Structure();
;
boolean b=false;
void v;
}catch(Exception e){return -1;}}

