
public static int main(int argc, String argv)
{
try{String s=null;
s = " ";
s = "";
s = "asdf";
s = "!@asf#$%^as325df34&*()1sfd";
s = "as\\nasd";
s = "asd\r";
}catch(Exception e){return -1;}}

