
public static int main(int argc, String argv)
{
try{int a=0;
}catch(Exception e){return -1;}}

